Copyright 1986-2022 Xilinx, Inc. All Rights Reserved. Copyright 2022-2025 Advanced Micro Devices, Inc. All Rights Reserved.
---------------------------------------------------------------------------------------------------------------------------------------------
| Tool Version : Vivado v.2025.2 (lin64) Build 6299465 Fri Nov 14 12:34:56 MST 2025
| Date         : Tue Apr 28 22:51:16 2026
| Host         : Arch running 64-bit unknown
| Command      : report_control_sets -verbose -file vga_top_control_sets_placed.rpt
| Design       : vga_top
| Device       : xc7a50t
---------------------------------------------------------------------------------------------------------------------------------------------

Control Set Information

Table of Contents
-----------------
1. Summary
2. Histogram
3. Flip-Flop Distribution
4. Detailed Control Set Information

1. Summary
----------

+----------------------------------------------------------+-------+
|                          Status                          | Count |
+----------------------------------------------------------+-------+
| Total control sets                                       |    10 |
|    Minimum number of control sets                        |    10 |
|    Addition due to synthesis replication                 |     0 |
|    Addition due to physical synthesis replication        |     0 |
| Unused register locations in slices containing registers |    43 |
+----------------------------------------------------------+-------+
* Control sets can be merged at opt_design using control_set_merge or merge_equivalent_drivers
** Run report_qor_suggestions for automated merging and remapping suggestions


2. Histogram
------------

+--------------------+-------+
|       Fanout       | Count |
+--------------------+-------+
| Total control sets |    10 |
| >= 0 to < 4        |     1 |
| >= 4 to < 6        |     4 |
| >= 6 to < 8        |     0 |
| >= 8 to < 10       |     1 |
| >= 10 to < 12      |     3 |
| >= 12 to < 14      |     0 |
| >= 14 to < 16      |     0 |
| >= 16              |     1 |
+--------------------+-------+
* Control sets can be remapped at either synth_design or opt_design


3. Flip-Flop Distribution
-------------------------

+--------------+-----------------------+------------------------+-----------------+--------------+
| Clock Enable | Synchronous Set/Reset | Asynchronous Set/Reset | Total Registers | Total Slices |
+--------------+-----------------------+------------------------+-----------------+--------------+
| No           | No                    | No                     |               2 |            1 |
| No           | No                    | Yes                    |               3 |            1 |
| No           | Yes                   | No                     |              21 |            9 |
| Yes          | No                    | No                     |               0 |            0 |
| Yes          | No                    | Yes                    |              19 |            6 |
| Yes          | Yes                   | No                     |              40 |           16 |
+--------------+-----------------------+------------------------+-----------------+--------------+


4. Detailed Control Set Information
-----------------------------------

+----------------+----------------------+------------------+------------------+----------------+--------------+
|  Clock Signal  |     Enable Signal    | Set/Reset Signal | Slice Load Count | Bel Load Count | Bels / Slice |
+----------------+----------------------+------------------+------------------+----------------+--------------+
|  clk_IBUF_BUFG |                      |                  |                1 |              2 |         2.00 |
|  clk_IBUF_BUFG | deb_l/clock_0/E[0]   | btnc_IBUF        |                2 |              5 |         2.50 |
|  clk_IBUF_BUFG | deb_r/clock_0/E[0]   | btnc_IBUF        |                3 |              5 |         1.67 |
|  clk_IBUF_BUFG | deb_u/clock_0/E[0]   | btnc_IBUF        |                2 |              5 |         2.50 |
|  clk_IBUF_BUFG | deb_d/clock_0/E[0]   | btnc_IBUF        |                2 |              5 |         2.50 |
|  clk_IBUF_BUFG | fsm_0/y_reg[0]       | btnc_IBUF        |                3 |              9 |         3.00 |
|  clk_IBUF_BUFG | clk_en_0/E[0]        | btnc_IBUF        |                4 |             10 |         2.50 |
|  clk_IBUF_BUFG | clk_en_0/ce_reg_0[0] | btnc_IBUF        |                3 |             10 |         3.33 |
|  clk_IBUF_BUFG | fsm_0/x_reg[0]       | btnc_IBUF        |                3 |             10 |         3.33 |
|  clk_IBUF_BUFG |                      | btnc_IBUF        |               10 |             24 |         2.40 |
+----------------+----------------------+------------------+------------------+----------------+--------------+


